// Jest Snapshot v1, https://goo.gl/fbAQLP

exports[`main Hooks transformer should add pre-commit hooks 1`] = `
Object {
  "commit-msg": Array [
    "
if [ \\"$NODE_ENV\\" != \\"cli\\" ] ; then
  if grep -q '^[0-9]\\\\+.[0-9]\\\\+.[0-9]\\\\+$' \\"$1\\" ; then
    exit 0;
  else
    echo \\"Please commit with \\\\\`npm run cz -- (usual commit args)\\\\\`\\"
    echo \\"To bypass commitizen add \\\\\`NODE_ENV=cli\\\\\` to your command\\"
    echo \\"You may want to set an alias: \\\\\`alias gicz='npm run cz -- '\\\\\`\\"
    exit 1;
  fi
fi",
  ],
  "pre-commit": Array [
    "
npm run metapak -- -s || exit 1",
    "
npm run test && npm run lint || exit 1",
  ],
}
`;
