// Jest Snapshot v1, https://goo.gl/fbAQLP

exports[`eslint Package transformer should work with some files 1`] = `
Object {
  "devDependencies": Object {
    "eslint": "^5.6.0",
    "eslint-plugin-prettier": "^2.6.2",
    "prettier": "^1.14.2",
  },
  "greenkeeper": Object {
    "ignore": Array [
      "eslint",
      "eslint-config-prettier",
      "prettier",
    ],
  },
  "metapak": Object {
    "data": Object {
      "files": "src/*.js src/**/*.js",
    },
  },
  "scripts": Object {
    "lint": "eslint src/*.js src/**/*.js",
    "prettier": "prettier --write src/*.js src/**/*.js",
  },
}
`;
