// Jest Snapshot v1, https://goo.gl/fbAQLP

exports[`TravisCI Assets transformer should fill the manifest 1`] = `
Object {
  "data": "# This file is automatically generated by a \`metapak\`
# module. Do not change it elsewhere, changes would
# be overridden.

language: node_js
node_js:
  - 6
  - 6.9.5
  - 7
  - 8
  - 9
",
  "name": ".travis.yml",
}
`;
