// Jest Snapshot v1, https://goo.gl/fbAQLP

exports[`TravisCI Assets transformer should fill the manifest 1`] = `
{
  "data": "# This file is automatically generated by a \`metapak\`
# module. Do not change it elsewhere, changes would
# be overridden.
engines:
  eslint:
    enabled: true

ratings:
   paths:
   - "src/*.js src/**/*.js"
## Exclude test files.
exclude_patterns:
- "dist/"
- "**/node_modules/"
- "test/*.js",
- "src/**/*.test.js"
",
  "name": ".codeclimate.yml",
}
`;
